Retrieving project…
Deploying wahid-nurhisyams-projects/crumbella-demo
Inspect: https://vercel.com/wahid-nurhisyams-projects/crumbella-demo/GFumJbJtc4brHRCErfvZgTUdyu1S [2s]
Production: https://crumbella-demo-b4o6aiizg-wahid-nurhisyams-projects.vercel.app [2s]
https://crumbella-demo-b4o6aiizg-wahid-nurhisyams-projects.vercel.appBuilding...
Building: Running build in Washington, D.C., USA (East) – iad1
Building: Build machine configuration: 2 cores, 8 GB
Building: Retrieving list of deployment files...
Building: Retrieving list of deployment files...
Building: Downloading 415 deployment files...
Building: Restored build cache from previous deployment (H4avza6XdEu3xZNRYtpTEmVZVD6k)
Building: Running "vercel build"
Building: Vercel CLI 51.2.1
Building: Installing dependencies...
Building: > client-side@0.1.0 postinstall
Building: > prisma generate
Building: Loaded Prisma config from prisma.config.ts.
Building: Prisma schema loaded from prisma/schema.prisma.
Building: ✔ Generated Prisma Client (v7.4.0) to ./node_modules/@prisma/client in 537ms
Building: Start by importing your Prisma Client (See: https://pris.ly/d/importing-client)
Building: up to date in 4s
Building: 261 packages are looking for funding
Building: run `npm fund` for details
Building: Detected Next.js version: 16.1.6
Building: Running "npm run build:vercel"
Building: > client-side@0.1.0 build:vercel
Building: > if [ -f prisma/schema.prisma ]; then npx prisma generate --schema prisma/schema.prisma; elif [ -f client-side/prisma/schema.prisma ]; then npx prisma generate --schema client-side/prisma/schema.prisma && cd client-side; else echo 'Prisma schema not found' && exit 1; fi && npx next build --webpack
Building: Loaded Prisma config from prisma.config.ts.
Building: Prisma schema loaded from prisma/schema.prisma.
Building: ┌─────────────────────────────────────────────────────────┐
Building: │  Update available 7.4.0 -> 7.7.0                        │
Building: │  Run the following to update                            │
Building: │    npm i --save-dev prisma@latest                       │
Building: │    npm i @prisma/client@latest                          │
Building: └─────────────────────────────────────────────────────────┘
Building: ✔ Generated Prisma Client (v7.4.0) to ./node_modules/@prisma/client in 514ms
Building: Start by importing your Prisma Client (See: https://pris.ly/d/importing-client)
Building: ▲ Next.js 16.1.6 (webpack)
Building: - Environments: .env
Building: Creating an optimized production build ...
Building: ✓ Compiled successfully in 18.8s
Building: Running TypeScript ...
Building: Failed to compile.
Building: ./scratch/create-real-test-order.ts:31:7
Building: Type error: Type '{ productName: string; category: string; subcategory: string; size: string; quantity: number; }[]' is not assignable to type 'ShippingQuoteItemInput[]'.
Building: Type '{ productName: string; category: string; subcategory: string; size: string; quantity: number; }' is missing the following properties from type 'ShippingQuoteItemInput': name, weightGram, value
Building: 29 |     console.log('Step 1: Fetching Quotes...');
Building: 30 |     const quoteResult = await getShippingQuote({
Building: > 31 |       items: testPayload.items,
Building: |       ^
Building: 32 |       destinationAddress: testPayload.destinationAddress,
Building: 33 |       destinationPostalCode: testPayload.destinationPostalCode
Building: 34 |     });
Building: Next.js build worker exited with code: 1 and signal: null
Building: Error: Command "npm run build:vercel" exited with 1
Error: Command "npm run build:vercel" exited with 1
